Component: ARM Compiler 5.06 update 6 (build 750) Tool: armlink [4d35ed]

==============================================================================

Section Cross References

    startup.o(STACK) refers (Special) to heapauxi.o(.text) for __use_two_region_memory
    startup.o(HEAP) refers (Special) to heapauxi.o(.text) for __use_two_region_memory
    startup.o(RESET) refers (Special) to heapauxi.o(.text) for __use_two_region_memory
    startup.o(RESET) refers to startup.o(STACK) for Stack_Top
    startup.o(RESET) refers to __main.o(!!!main) for __main
    startup.o(.text) refers (Special) to heapauxi.o(.text) for __use_two_region_memory
    startup.o(.text) refers to startup.o(HEAP) for Heap_Mem
    startup.o(.text) refers to startup.o(STACK) for Stack_Mem
    smartaccesscontrol.o(i.Timer1_ISR) refers to smartaccesscontrol.o(.data) for x
    smartaccesscontrol.o(i.main) refers to _printf_pad.o(.text) for _printf_pre_padding
    smartaccesscontrol.o(i.main) refers to _printf_percent.o(.ARM.Collect$$_printf_percent$$00000000) for _printf_percent
    smartaccesscontrol.o(i.main) refers to _printf_d.o(.ARM.Collect$$_printf_percent$$00000009) for _printf_d
    smartaccesscontrol.o(i.main) refers to _printf_dec.o(.text) for _printf_int_dec
    smartaccesscontrol.o(i.main) refers to smartaccesscontrol.o(i.Board_Init) for Board_Init
    smartaccesscontrol.o(i.main) refers to smartaccesscontrol.o(i.SystemInit) for SystemInit
    smartaccesscontrol.o(i.main) refers to smartaccesscontrol.o(i.uart_init) for uart_init
    smartaccesscontrol.o(i.main) refers to smartaccesscontrol.o(i.RTC_Init) for RTC_Init
    smartaccesscontrol.o(i.main) refers to smartaccesscontrol.o(i.timer1_Init) for timer1_Init
    smartaccesscontrol.o(i.main) refers to lcd.o(i.LCD_Reset) for LCD_Reset
    smartaccesscontrol.o(i.main) refers to lcd.o(i.LCD_Init) for LCD_Init
    smartaccesscontrol.o(i.main) refers to smartaccesscontrol.o(i.RTC_SetDateTime) for RTC_SetDateTime
    smartaccesscontrol.o(i.main) refers to smartaccesscontrol.o(i.RTC_GetDateTime) for RTC_GetDateTime
    smartaccesscontrol.o(i.main) refers to noretval__2sprintf.o(.text) for __2sprintf
    smartaccesscontrol.o(i.main) refers to smartaccesscontrol.o(i.serialPrintStr) for serialPrintStr
    smartaccesscontrol.o(i.main) refers to lcd.o(i.LCD_CmdWrite) for LCD_CmdWrite
    smartaccesscontrol.o(i.main) refers to lcd.o(i.LCD_DisplayString) for LCD_DisplayString
    smartaccesscontrol.o(i.main) refers to smartaccesscontrol.o(i.delay) for delay
    smartaccesscontrol.o(i.main) refers to smartaccesscontrol.o(i.adc) for adc
    smartaccesscontrol.o(i.main) refers to smartaccesscontrol.o(i.matrixentry) for matrixentry
    smartaccesscontrol.o(i.main) refers to smartaccesscontrol.o(i.rightbuzz) for rightbuzz
    smartaccesscontrol.o(i.main) refers to smartaccesscontrol.o(i.open) for open
    smartaccesscontrol.o(i.main) refers to smartaccesscontrol.o(i.close) for close
    smartaccesscontrol.o(i.main) refers to smartaccesscontrol.o(i.wrongbuzz) for wrongbuzz
    smartaccesscontrol.o(i.main) refers to smartaccesscontrol.o(i.runDCMotor) for runDCMotor
    smartaccesscontrol.o(i.main) refers to seven.o(i.alphadisp7SEG) for alphadisp7SEG
    smartaccesscontrol.o(i.main) refers to lcd.o(i.delay_ms) for delay_ms
    smartaccesscontrol.o(i.main) refers to smartaccesscontrol.o(.bss) for rtc
    smartaccesscontrol.o(i.matrixentry) refers to lcd.o(i.delay_ms) for delay_ms
    smartaccesscontrol.o(i.matrixentry) refers to smartaccesscontrol.o(.data) for rowsel
    smartaccesscontrol.o(i.rightbuzz) refers to smartaccesscontrol.o(i.startBuzzer) for startBuzzer
    smartaccesscontrol.o(i.rightbuzz) refers to smartaccesscontrol.o(i.delay) for delay
    smartaccesscontrol.o(i.rightbuzz) refers to smartaccesscontrol.o(i.stopBuzzer) for stopBuzzer
    smartaccesscontrol.o(i.runDCMotor) refers to aeabi_sdiv.o(.text_udiv) for __aeabi_uidivmod
    smartaccesscontrol.o(i.serialPrint) refers to _printf_percent.o(.ARM.Collect$$_printf_percent$$00000000) for _printf_percent
    smartaccesscontrol.o(i.serialPrint) refers to _printf_d.o(.ARM.Collect$$_printf_percent$$00000009) for _printf_d
    smartaccesscontrol.o(i.serialPrint) refers to _printf_dec.o(.text) for _printf_int_dec
    smartaccesscontrol.o(i.serialPrint) refers to noretval__2sprintf.o(.text) for __2sprintf
    smartaccesscontrol.o(i.timer1_Init) refers to smartaccesscontrol.o(i.Timer1_ISR) for Timer1_ISR
    smartaccesscontrol.o(i.wrongbuzz) refers to smartaccesscontrol.o(i.startBuzzer) for startBuzzer
    smartaccesscontrol.o(i.wrongbuzz) refers to smartaccesscontrol.o(i.delay) for delay
    smartaccesscontrol.o(i.wrongbuzz) refers to smartaccesscontrol.o(i.stopBuzzer) for stopBuzzer
    lcd.o(i.LCD_CmdWrite) refers to lcd.o(i.LCD_SendHigherNibble) for LCD_SendHigherNibble
    lcd.o(i.LCD_CmdWrite) refers to lcd.o(i.LCD_SendCmdSignals) for LCD_SendCmdSignals
    lcd.o(i.LCD_DataWrite) refers to lcd.o(i.LCD_SendHigherNibble) for LCD_SendHigherNibble
    lcd.o(i.LCD_DataWrite) refers to lcd.o(i.LCD_SendDataSignals) for LCD_SendDataSignals
    lcd.o(i.LCD_DisplayString) refers to lcd.o(i.LCD_DataWrite) for LCD_DataWrite
    lcd.o(i.LCD_Init) refers to lcd.o(i.delay_ms) for delay_ms
    lcd.o(i.LCD_Init) refers to lcd.o(i.LCD_Reset) for LCD_Reset
    lcd.o(i.LCD_Init) refers to lcd.o(i.LCD_CmdWrite) for LCD_CmdWrite
    lcd.o(i.LCD_Reset) refers to lcd.o(i.LCD_SendHigherNibble) for LCD_SendHigherNibble
    lcd.o(i.LCD_Reset) refers to lcd.o(i.LCD_SendCmdSignals) for LCD_SendCmdSignals
    lcd.o(i.LCD_Reset) refers to lcd.o(i.delay_ms) for delay_ms
    lcd.o(i.LCD_Reset) refers to lcd.o(i.delay_us) for delay_us
    lcd.o(i.LCD_SendCmdSignals) refers to lcd.o(i.delay_us) for delay_us
    lcd.o(i.LCD_SendDataSignals) refers to lcd.o(i.delay_us) for delay_us
    seven.o(i.alphadisp7SEG) refers to seven.o(i.getAlphaCode) for getAlphaCode
    seven.o(i.alphadisp7SEG) refers to lcd.o(i.delay_ms) for delay_ms
    __2sprintf.o(.text) refers to _printf_char_common.o(.text) for _printf_char_common
    __2sprintf.o(.text) refers to _sputc.o(.text) for _sputc
    noretval__2sprintf.o(.text) refers to _printf_char_common.o(.text) for _printf_char_common
    noretval__2sprintf.o(.text) refers to _sputc.o(.text) for _sputc
    __printf.o(.text) refers to __printf.o(i.__ARM_common_call_via_r1) for __ARM_common_call_via_r1
    __printf.o(.text) refers to _printf_percent.o(.ARM.Collect$$_printf_percent$$00000000) for _printf_percent
    __printf.o(.text) refers to __printf.o(i.__ARM_common_call_via_r2) for __ARM_common_call_via_r2
    _printf_pad.o(.text) refers to __printf.o(i.__ARM_common_call_via_r2) for __ARM_common_call_via_r2
    _printf_dec.o(.text) refers to rtudiv10.o(.text) for __rt_udiv10
    _printf_dec.o(.text) refers to _printf_intcommon.o(.text) for _printf_int_common
    __printf_flags.o(.text) refers to __printf.o(i.__ARM_common_call_via_r1) for __ARM_common_call_via_r1
    __printf_flags.o(.text) refers to _printf_percent.o(.ARM.Collect$$_printf_percent$$00000000) for _printf_percent
    __printf_flags.o(.text) refers to __printf.o(i.__ARM_common_call_via_r2) for __ARM_common_call_via_r2
    __printf_flags.o(.text) refers to __printf_flags.o(.constdata) for .constdata
    __printf_ss.o(.text) refers to __printf.o(i.__ARM_common_call_via_r1) for __ARM_common_call_via_r1
    __printf_ss.o(.text) refers to _printf_percent.o(.ARM.Collect$$_printf_percent$$00000000) for _printf_percent
    __printf_ss.o(.text) refers to __printf.o(i.__ARM_common_call_via_r2) for __ARM_common_call_via_r2
    __printf_flags_ss.o(.text) refers to __printf.o(i.__ARM_common_call_via_r1) for __ARM_common_call_via_r1
    __printf_flags_ss.o(.text) refers to _printf_percent.o(.ARM.Collect$$_printf_percent$$00000000) for _printf_percent
    __printf_flags_ss.o(.text) refers to __printf.o(i.__ARM_common_call_via_r2) for __ARM_common_call_via_r2
    __printf_flags_ss.o(.text) refers to __printf_flags_ss.o(.constdata) for .constdata
    __printf_wp.o(.text) refers to __printf.o(i.__ARM_common_call_via_r1) for __ARM_common_call_via_r1
    __printf_wp.o(.text) refers to __printf_wp.o(i._is_digit) for _is_digit
    __printf_wp.o(.text) refers to _printf_percent.o(.ARM.Collect$$_printf_percent$$00000000) for _printf_percent
    __printf_wp.o(.text) refers to __printf.o(i.__ARM_common_call_via_r2) for __ARM_common_call_via_r2
    __printf_flags_wp.o(.text) refers to __printf.o(i.__ARM_common_call_via_r1) for __ARM_common_call_via_r1
    __printf_flags_wp.o(.text) refers to __printf_wp.o(i._is_digit) for _is_digit
    __printf_flags_wp.o(.text) refers to _printf_percent.o(.ARM.Collect$$_printf_percent$$00000000) for _printf_percent
    __printf_flags_wp.o(.text) refers to __printf.o(i.__ARM_common_call_via_r2) for __ARM_common_call_via_r2
    __printf_flags_wp.o(.text) refers to __printf_flags_wp.o(.constdata) for .constdata
    __printf_ss_wp.o(.text) refers to __printf.o(i.__ARM_common_call_via_r1) for __ARM_common_call_via_r1
    __printf_ss_wp.o(.text) refers to __printf_wp.o(i._is_digit) for _is_digit
    __printf_ss_wp.o(.text) refers to _printf_percent.o(.ARM.Collect$$_printf_percent$$00000000) for _printf_percent
    __printf_ss_wp.o(.text) refers to __printf.o(i.__ARM_common_call_via_r2) for __ARM_common_call_via_r2
    __printf_flags_ss_wp.o(.text) refers to __printf.o(i.__ARM_common_call_via_r1) for __ARM_common_call_via_r1
    __printf_flags_ss_wp.o(.text) refers to __printf_wp.o(i._is_digit) for _is_digit
    __printf_flags_ss_wp.o(.text) refers to _printf_percent.o(.ARM.Collect$$_printf_percent$$00000000) for _printf_percent
    __printf_flags_ss_wp.o(.text) refers to __printf.o(i.__ARM_common_call_via_r2) for __ARM_common_call_via_r2
    __printf_flags_ss_wp.o(.text) refers to __printf_flags_ss_wp.o(.constdata) for .constdata
    _printf_d.o(.ARM.Collect$$_printf_percent$$00000009) refers (Weak) to _printf_dec.o(.text) for _printf_int_dec
    _printf_percent.o(.ARM.Collect$$_printf_percent$$00000000) refers (Special) to _printf_percent_end.o(.ARM.Collect$$_printf_percent$$00000017) for _printf_percent_end
    aeabi_sdiv.o(.text_udiv) refers to aeabi_sdiv.o(.text) for __arm_div2
    aeabi_sdiv_div0.o(.text_udiv) refers to aeabi_sdiv_div0.o(.text) for __arm_div2
    __main.o(!!!main) refers to __rtentry.o(.ARM.Collect$$rtentry$$00000000) for __rt_entry
    __rtentry.o(.ARM.Collect$$rtentry$$00000000) refers (Special) to __rtentry2.o(.ARM.Collect$$rtentry$$0000000A) for __rt_entry_li
    __rtentry.o(.ARM.Collect$$rtentry$$00000000) refers (Special) to __rtentry2.o(.ARM.Collect$$rtentry$$0000000D) for __rt_entry_main
    __rtentry.o(.ARM.Collect$$rtentry$$00000000) refers (Special) to __rtentry2.o(.ARM.Collect$$rtentry$$0000000C) for __rt_entry_postli_1
    __rtentry.o(.ARM.Collect$$rtentry$$00000000) refers (Special) to __rtentry2.o(.ARM.Collect$$rtentry$$00000009) for __rt_entry_postsh_1
    __rtentry.o(.ARM.Collect$$rtentry$$00000000) refers (Special) to __rtentry2.o(.ARM.Collect$$rtentry$$00000002) for __rt_entry_presh_1
    __rtentry.o(.ARM.Collect$$rtentry$$00000000) refers (Special) to __rtentry4.o(.ARM.Collect$$rtentry$$00000004) for __rt_entry_sh
    aeabi_idiv0_sigfpe.o(.text) refers to rt_div0.o(.text) for __rt_div0
    _printf_intcommon.o(.text) refers (Weak) to _printf_pad.o(.text) for _printf_pre_padding
    _printf_intcommon.o(.text) refers to __printf.o(i.__ARM_common_call_via_r2) for __ARM_common_call_via_r2
    _printf_intcommon.o(.text) refers (Weak) to _printf_pad.o(.text) for _printf_pre_padding
    _printf_intcommon.o(.text) refers (Weak) to _printf_pad.o(.text) for _printf_post_padding
    _printf_char_common.o(.text) refers to __printf_wp.o(.text) for __printf
    __rtentry2.o(.ARM.Collect$$rtentry$$00000008) refers to boardinit2.o(.text) for _platform_post_stackheap_init
    __rtentry2.o(.ARM.Collect$$rtentry$$0000000A) refers to libinit.o(.ARM.Collect$$libinit$$00000000) for __rt_lib_init
    __rtentry2.o(.ARM.Collect$$rtentry$$0000000B) refers to boardinit3.o(.text) for _platform_post_lib_init
    __rtentry2.o(.ARM.Collect$$rtentry$$0000000D) refers to exit.o(.text) for exit
    __rtentry2.o(.ARM.Collect$$rtentry$$0000000D) refers to smartaccesscontrol.o(i.main) for main
    __rtentry2.o(.ARM.exidx) refers to __rtentry2.o(.ARM.Collect$$rtentry$$00000001) for .ARM.Collect$$rtentry$$00000001
    __rtentry2.o(.ARM.exidx) refers to __rtentry2.o(.ARM.Collect$$rtentry$$00000008) for .ARM.Collect$$rtentry$$00000008
    __rtentry2.o(.ARM.exidx) refers to __rtentry2.o(.ARM.Collect$$rtentry$$0000000A) for .ARM.Collect$$rtentry$$0000000A
    __rtentry2.o(.ARM.exidx) refers to __rtentry2.o(.ARM.Collect$$rtentry$$0000000B) for .ARM.Collect$$rtentry$$0000000B
    __rtentry2.o(.ARM.exidx) refers to __rtentry2.o(.ARM.Collect$$rtentry$$0000000D) for .ARM.Collect$$rtentry$$0000000D
    __rtentry4.o(.ARM.Collect$$rtentry$$00000004) refers to sys_stackheap_outer.o(.text) for __user_setup_stackheap
    __rtentry4.o(.ARM.exidx) refers to __rtentry4.o(.ARM.Collect$$rtentry$$00000004) for .ARM.Collect$$rtentry$$00000004
    rt_div0.o(.text) refers to defsig_fpe_outer.o(.text) for __rt_SIGFPE
    __printf_nopercent.o(.text) refers to __printf_nopercent.o(i.__ARM_common_call_via_r7) for __ARM_common_call_via_r7
    __printf_nopercent.o(.text) refers to __printf_nopercent.o(i.__ARM_common_call_via_r5) for __ARM_common_call_via_r5
    sys_stackheap_outer.o(.text) refers to libspace.o(.text) for __user_perproc_libspace
    sys_stackheap_outer.o(.text) refers to startup.o(.text) for __user_initial_stackheap
    exit.o(.text) refers to rtexit.o(.ARM.Collect$$rtexit$$00000000) for __rt_exit
    defsig_fpe_outer.o(.text) refers to defsig_fpe_inner.o(.text) for __rt_SIGFPE_inner
    defsig_fpe_outer.o(.text) refers to defsig_exit.o(.text) for __sig_exit
    defsig_fpe_formal.o(.text) refers to rt_raise.o(.text) for __rt_raise
    libinit.o(.ARM.Collect$$libinit$$00000000) refers (Special) to libinit2.o(.ARM.Collect$$libinit$$0000002E) for __rt_lib_init_alloca_1
    libinit.o(.ARM.Collect$$libinit$$00000000) refers (Special) to libinit2.o(.ARM.Collect$$libinit$$0000002C) for __rt_lib_init_argv_1
    libinit.o(.ARM.Collect$$libinit$$00000000) refers (Special) to libinit2.o(.ARM.Collect$$libinit$$0000001B) for __rt_lib_init_atexit_1
    libinit.o(.ARM.Collect$$libinit$$00000000) refers (Special) to libinit2.o(.ARM.Collect$$libinit$$00000021) for __rt_lib_init_clock_1
    libinit.o(.ARM.Collect$$libinit$$00000000) refers (Special) to libinit2.o(.ARM.Collect$$libinit$$00000032) for __rt_lib_init_cpp_1
    libinit.o(.ARM.Collect$$libinit$$00000000) refers (Special) to libinit2.o(.ARM.Collect$$libinit$$00000030) for __rt_lib_init_exceptions_1
    libinit.o(.ARM.Collect$$libinit$$00000000) refers (Special) to libinit2.o(.ARM.Collect$$libinit$$00000002) for __rt_lib_init_fp_1
    libinit.o(.ARM.Collect$$libinit$$00000000) refers (Special) to libinit2.o(.ARM.Collect$$libinit$$0000001F) for __rt_lib_init_fp_trap_1
    libinit.o(.ARM.Collect$$libinit$$00000000) refers (Special) to libinit2.o(.ARM.Collect$$libinit$$00000023) for __rt_lib_init_getenv_1
    libinit.o(.ARM.Collect$$libinit$$00000000) refers (Special) to libinit2.o(.ARM.Collect$$libinit$$0000000A) for __rt_lib_init_heap_1
    libinit.o(.ARM.Collect$$libinit$$00000000) refers (Special) to libinit2.o(.ARM.Collect$$libinit$$00000011) for __rt_lib_init_lc_collate_1
    libinit.o(.ARM.Collect$$libinit$$00000000) refers (Special) to libinit2.o(.ARM.Collect$$libinit$$00000013) for __rt_lib_init_lc_ctype_1
    libinit.o(.ARM.Collect$$libinit$$00000000) refers (Special) to libinit2.o(.ARM.Collect$$libinit$$00000015) for __rt_lib_init_lc_monetary_1
    libinit.o(.ARM.Collect$$libinit$$00000000) refers (Special) to libinit2.o(.ARM.Collect$$libinit$$00000017) for __rt_lib_init_lc_numeric_1
    libinit.o(.ARM.Collect$$libinit$$00000000) refers (Special) to libinit2.o(.ARM.Collect$$libinit$$00000019) for __rt_lib_init_lc_time_1
    libinit.o(.ARM.Collect$$libinit$$00000000) refers (Special) to libinit2.o(.ARM.Collect$$libinit$$00000004) for __rt_lib_init_preinit_1
    libinit.o(.ARM.Collect$$libinit$$00000000) refers (Special) to libinit2.o(.ARM.Collect$$libinit$$0000000E) for __rt_lib_init_rand_1
    libinit.o(.ARM.Collect$$libinit$$00000000) refers (Special) to libinit2.o(.ARM.Collect$$libinit$$00000033) for __rt_lib_init_return
    libinit.o(.ARM.Collect$$libinit$$00000000) refers (Special) to libinit2.o(.ARM.Collect$$libinit$$0000001D) for __rt_lib_init_signal_1
    libinit.o(.ARM.Collect$$libinit$$00000000) refers (Special) to libinit2.o(.ARM.Collect$$libinit$$00000025) for __rt_lib_init_stdio_1
    libinit.o(.ARM.Collect$$libinit$$00000000) refers (Special) to libinit2.o(.ARM.Collect$$libinit$$0000000C) for __rt_lib_init_user_alloc_1
    libspace.o(.text) refers to libspace.o(.bss) for __libspace_start
    rtexit.o(.ARM.Collect$$rtexit$$00000000) refers (Special) to rtexit2.o(.ARM.Collect$$rtexit$$00000004) for __rt_exit_exit
    rtexit.o(.ARM.Collect$$rtexit$$00000000) refers (Special) to rtexit2.o(.ARM.Collect$$rtexit$$00000003) for __rt_exit_ls
    rtexit.o(.ARM.Collect$$rtexit$$00000000) refers (Special) to rtexit2.o(.ARM.Collect$$rtexit$$00000002) for __rt_exit_prels_1
    rtexit.o(.ARM.exidx) refers (Special) to rtexit2.o(.ARM.Collect$$rtexit$$00000004) for __rt_exit_exit
    rtexit.o(.ARM.exidx) refers (Special) to rtexit2.o(.ARM.Collect$$rtexit$$00000003) for __rt_exit_ls
    rtexit.o(.ARM.exidx) refers (Special) to rtexit2.o(.ARM.Collect$$rtexit$$00000002) for __rt_exit_prels_1
    rtexit.o(.ARM.exidx) refers to rtexit.o(.ARM.Collect$$rtexit$$00000000) for .ARM.Collect$$rtexit$$00000000
    rt_raise.o(.text) refers to __raise.o(.text) for __raise
    rt_raise.o(.text) refers to sys_exit.o(.text) for _sys_exit
    defsig_exit.o(.text) refers to sys_exit.o(.text) for _sys_exit
    defsig_fpe_inner.o(.text) refers to defsig_general.o(.text) for __default_signal_display
    libinit2.o(.ARM.Collect$$libinit$$00000001) refers to fpinit.o(x$fpl$fpinit) for _fp_init
    libinit2.o(.ARM.Collect$$libinit$$00000010) refers to libinit2.o(.ARM.Collect$$libinit$$0000000F) for .ARM.Collect$$libinit$$0000000F
    libinit2.o(.ARM.Collect$$libinit$$00000012) refers to libinit2.o(.ARM.Collect$$libinit$$0000000F) for .ARM.Collect$$libinit$$0000000F
    libinit2.o(.ARM.Collect$$libinit$$00000014) refers to libinit2.o(.ARM.Collect$$libinit$$0000000F) for .ARM.Collect$$libinit$$0000000F
    libinit2.o(.ARM.Collect$$libinit$$00000016) refers to libinit2.o(.ARM.Collect$$libinit$$0000000F) for .ARM.Collect$$libinit$$0000000F
    libinit2.o(.ARM.Collect$$libinit$$00000018) refers to libinit2.o(.ARM.Collect$$libinit$$0000000F) for .ARM.Collect$$libinit$$0000000F
    libinit2.o(.ARM.Collect$$libinit$$00000026) refers to argv_veneer.o(.emb_text) for __ARM_argv_veneer
    libinit2.o(.ARM.Collect$$libinit$$00000027) refers to argv_veneer.o(.emb_text) for __ARM_argv_veneer
    sys_exit.o(.text) refers (Special) to use_no_semi.o(.text) for __I$use$semihosting
    sys_exit.o(.text) refers (Special) to indicate_semi.o(.text) for __semihosting_library_function
    rtexit2.o(.ARM.Collect$$rtexit$$00000003) refers to libshutdown.o(.ARM.Collect$$libshutdown$$00000000) for __rt_lib_shutdown
    rtexit2.o(.ARM.Collect$$rtexit$$00000004) refers to sys_exit.o(.text) for _sys_exit
    rtexit2.o(.ARM.exidx) refers to rtexit2.o(.ARM.Collect$$rtexit$$00000001) for .ARM.Collect$$rtexit$$00000001
    rtexit2.o(.ARM.exidx) refers to rtexit2.o(.ARM.Collect$$rtexit$$00000003) for .ARM.Collect$$rtexit$$00000003
    rtexit2.o(.ARM.exidx) refers to rtexit2.o(.ARM.Collect$$rtexit$$00000004) for .ARM.Collect$$rtexit$$00000004
    __raise.o(.text) refers to __printf.o(i.__ARM_common_call_via_r2) for __ARM_common_call_via_r2
    __raise.o(.text) refers to defsig.o(CL$$defsig) for __default_signal_handler
    defsig_general.o(.text) refers to sys_wrch.o(.text) for _ttywrch
    argv_veneer.o(.emb_text) refers to no_argv.o(.text) for __ARM_get_argv
    sys_wrch.o(.text) refers (Special) to use_no_semi.o(.text) for __I$use$semihosting
    sys_wrch.o(.text) refers (Special) to indicate_semi.o(.text) for __semihosting_library_function
    defsig.o(CL$$defsig) refers to defsig_fpe_inner.o(.text) for __rt_SIGFPE_inner
    defsig.o(CL$$defsig) refers to defsig_rtmem_inner.o(.text) for __rt_SIGRTMEM_inner
    _get_argv_nomalloc.o(.text) refers (Special) to hrguard.o(.text) for __heap_region$guard
    _get_argv_nomalloc.o(.text) refers to defsig_rtmem_outer.o(.text) for __rt_SIGRTMEM
    _get_argv_nomalloc.o(.text) refers to sys_command.o(.text) for _sys_command_string
    libshutdown.o(.ARM.Collect$$libshutdown$$00000000) refers (Special) to libshutdown2.o(.ARM.Collect$$libshutdown$$00000002) for __rt_lib_shutdown_cpp_1
    libshutdown.o(.ARM.Collect$$libshutdown$$00000000) refers (Special) to libshutdown2.o(.ARM.Collect$$libshutdown$$00000007) for __rt_lib_shutdown_fp_trap_1
    libshutdown.o(.ARM.Collect$$libshutdown$$00000000) refers (Special) to libshutdown2.o(.ARM.Collect$$libshutdown$$0000000F) for __rt_lib_shutdown_heap_1
    libshutdown.o(.ARM.Collect$$libshutdown$$00000000) refers (Special) to libshutdown2.o(.ARM.Collect$$libshutdown$$00000010) for __rt_lib_shutdown_return
    libshutdown.o(.ARM.Collect$$libshutdown$$00000000) refers (Special) to libshutdown2.o(.ARM.Collect$$libshutdown$$0000000A) for __rt_lib_shutdown_signal_1
    libshutdown.o(.ARM.Collect$$libshutdown$$00000000) refers (Special) to libshutdown2.o(.ARM.Collect$$libshutdown$$00000004) for __rt_lib_shutdown_stdio_1
    libshutdown.o(.ARM.Collect$$libshutdown$$00000000) refers (Special) to libshutdown2.o(.ARM.Collect$$libshutdown$$0000000C) for __rt_lib_shutdown_user_alloc_1
    sys_command.o(.text) refers (Special) to use_no_semi.o(.text) for __I$use$semihosting
    sys_command.o(.text) refers (Special) to indicate_semi.o(.text) for __semihosting_library_function
    defsig_abrt_inner.o(.text) refers to defsig_general.o(.text) for __default_signal_display
    defsig_rtred_inner.o(.text) refers to defsig_general.o(.text) for __default_signal_display
    defsig_rtmem_inner.o(.text) refers to defsig_general.o(.text) for __default_signal_display
    defsig_rtmem_outer.o(.text) refers to defsig_rtmem_inner.o(.text) for __rt_SIGRTMEM_inner
    defsig_rtmem_outer.o(.text) refers to defsig_exit.o(.text) for __sig_exit
    defsig_rtmem_formal.o(.text) refers to rt_raise.o(.text) for __rt_raise
    defsig_stak_inner.o(.text) refers to defsig_general.o(.text) for __default_signal_display
    defsig_pvfn_inner.o(.text) refers to defsig_general.o(.text) for __default_signal_display
    defsig_cppl_inner.o(.text) refers to defsig_general.o(.text) for __default_signal_display
    defsig_segv_inner.o(.text) refers to defsig_general.o(.text) for __default_signal_display
    defsig_other.o(.text) refers to defsig_general.o(.text) for __default_signal_display


==============================================================================

Removing Unused input sections from the image.

    Removing startup.o(RESET), (272 bytes).
    Removing smartaccesscontrol.o(i.serialPrint), (116 bytes).

2 unused section(s) (total 388 bytes) removed from the image.

==============================================================================

Adding Veneers to the image

    Adding TA veneer (4 bytes, Inline) for call to '_printf_percent' from __printf_wp.o(.text).
    Adding AT veneer (8 bytes, Inline) for call to '__rt_lib_init' from __rtentry2.o(.ARM.Collect$$rtentry$$0000000A).
    Adding AT veneer (8 bytes, Inline) for call to '__rt_lib_shutdown' from rtexit2.o(.ARM.Collect$$rtexit$$00000003).
    Adding TA veneer (4 bytes, Inline) for call to '__rt_exit' from exit.o(.text).
    Adding AT veneer (8 bytes, Inline) for call to '__2sprintf' from smartaccesscontrol.o(i.main).
    Adding AT veneer (8 bytes, Inline) for call to '_printf_int_dec' from _printf_d.o(.ARM.Collect$$_printf_percent$$00000009).
    Adding TA veneer (4 bytes, Inline) for call to '__rt_udiv10' from _printf_dec.o(.text).
    Adding AT veneer (8 bytes, Inline) for call to '_sys_exit' from rtexit2.o(.ARM.Collect$$rtexit$$00000004).

8 Veneer(s) (total 52 bytes) added to the image.

==============================================================================

Image Symbol Table

    Local Symbols

    Symbol Name                              Value     Ov Type        Size  Object(Section)

    !!!main                                  0x00000000   Section        8  __main.o(!!!main)
    ../clib/angel/boardlib.s                 0x00000000   Number         0  boardshut.o ABSOLUTE
    ../clib/angel/boardlib.s                 0x00000000   Number         0  boardinit3.o ABSOLUTE
    ../clib/angel/boardlib.s                 0x00000000   Number         0  boardinit2.o ABSOLUTE
    ../clib/angel/boardlib.s                 0x00000000   Number         0  boardinit1.o ABSOLUTE
    ../clib/angel/handlers.s                 0x00000000   Number         0  __scatter_zi.o ABSOLUTE
    ../clib/angel/handlers.s                 0x00000000   Number         0  __scatter_copy.o ABSOLUTE
    ../clib/angel/kernel.s                   0x00000000   Number         0  rtexit.o ABSOLUTE
    ../clib/angel/kernel.s                   0x00000000   Number         0  __rtentry.o ABSOLUTE
    ../clib/angel/kernel.s                   0x00000000   Number         0  __rtentry2.o ABSOLUTE
    ../clib/angel/kernel.s                   0x00000000   Number         0  rtexit2.o ABSOLUTE
    ../clib/angel/kernel.s                   0x00000000   Number         0  __rtentry4.o ABSOLUTE
    ../clib/angel/rt.s                       0x00000000   Number         0  aeabi_idiv0.o ABSOLUTE
    ../clib/angel/rt.s                       0x00000000   Number         0  aeabi_idiv0_sigfpe.o ABSOLUTE
    ../clib/angel/rt.s                       0x00000000   Number         0  rt_raise.o ABSOLUTE
    ../clib/angel/rt.s                       0x00000000   Number         0  rt_div0.o ABSOLUTE
    ../clib/angel/scatter.s                  0x00000000   Number         0  __scatter.o ABSOLUTE
    ../clib/angel/startup.s                  0x00000000   Number         0  __main.o ABSOLUTE
    ../clib/angel/sys.s                      0x00000000   Number         0  sys_stackheap_outer.o ABSOLUTE
    ../clib/angel/sys.s                      0x00000000   Number         0  libspace.o ABSOLUTE
    ../clib/angel/sys.s                      0x00000000   Number         0  use_no_semi.o ABSOLUTE
    ../clib/angel/sys.s                      0x00000000   Number         0  indicate_semi.o ABSOLUTE
    ../clib/angel/sysapp.c                   0x00000000   Number         0  sys_exit.o ABSOLUTE
    ../clib/angel/sysapp.c                   0x00000000   Number         0  sys_wrch.o ABSOLUTE
    ../clib/angel/sysapp.c                   0x00000000   Number         0  sys_command.o ABSOLUTE
    ../clib/armsys.c                         0x00000000   Number         0  no_argv.o ABSOLUTE
    ../clib/armsys.c                         0x00000000   Number         0  _get_argv_nomalloc.o ABSOLUTE
    ../clib/armsys.c                         0x00000000   Number         0  argv_veneer.o ABSOLUTE
    ../clib/armsys.c                         0x00000000   Number         0  argv_veneer.o ABSOLUTE
    ../clib/division.s                       0x00000000   Number         0  rtudiv10.o ABSOLUTE
    ../clib/division.s                       0x00000000   Number         0  aeabi_sdiv.o ABSOLUTE
    ../clib/division.s                       0x00000000   Number         0  aeabi_sdiv_div0.o ABSOLUTE
    ../clib/divrt.s                          0x00000000   Number         0  divrt_7tdmi.o ABSOLUTE
    ../clib/divrt.s                          0x00000000   Number         0  divrt_7tdmi_div0.o ABSOLUTE
    ../clib/heapalloc.c                      0x00000000   Number         0  hrguard.o ABSOLUTE
    ../clib/heapaux.c                        0x00000000   Number         0  heapauxi.o ABSOLUTE
    ../clib/libinit.s                        0x00000000   Number         0  libshutdown.o ABSOLUTE
    ../clib/libinit.s                        0x00000000   Number         0  libinit.o ABSOLUTE
    ../clib/libinit.s                        0x00000000   Number         0  libinit2.o ABSOLUTE
    ../clib/libinit.s                        0x00000000   Number         0  libshutdown2.o ABSOLUTE
    ../clib/misc.s                           0x00000000   Number         0  printf_stubs.o ABSOLUTE
    ../clib/printf.c                         0x00000000   Number         0  __2sprintf.o ABSOLUTE
    ../clib/printf.c                         0x00000000   Number         0  noretval__2sprintf.o ABSOLUTE
    ../clib/printf.c                         0x00000000   Number         0  _printf_pad.o ABSOLUTE
    ../clib/printf.c                         0x00000000   Number         0  _printf_dec.o ABSOLUTE
    ../clib/printf.c                         0x00000000   Number         0  __printf_flags.o ABSOLUTE
    ../clib/printf.c                         0x00000000   Number         0  __printf_ss.o ABSOLUTE
    ../clib/printf.c                         0x00000000   Number         0  __printf_flags_ss.o ABSOLUTE
    ../clib/printf.c                         0x00000000   Number         0  __printf_wp.o ABSOLUTE
    ../clib/printf.c                         0x00000000   Number         0  __printf_flags_wp.o ABSOLUTE
    ../clib/printf.c                         0x00000000   Number         0  __printf_ss_wp.o ABSOLUTE
    ../clib/printf.c                         0x00000000   Number         0  __printf_flags_ss_wp.o ABSOLUTE
    ../clib/printf.c                         0x00000000   Number         0  _printf_intcommon.o ABSOLUTE
    ../clib/printf.c                         0x00000000   Number         0  _sputc.o ABSOLUTE
    ../clib/printf.c                         0x00000000   Number         0  __printf_nopercent.o ABSOLUTE
    ../clib/printf.c                         0x00000000   Number         0  _printf_char_common.o ABSOLUTE
    ../clib/printf.c                         0x00000000   Number         0  __printf.o ABSOLUTE
    ../clib/printf_percent.s                 0x00000000   Number         0  _printf_d.o ABSOLUTE
    ../clib/printf_percent.s                 0x00000000   Number         0  _printf_percent.o ABSOLUTE
    ../clib/printf_percent.s                 0x00000000   Number         0  _printf_percent_end.o ABSOLUTE
    ../clib/signal.c                         0x00000000   Number         0  defsig_rtmem_outer.o ABSOLUTE
    ../clib/signal.c                         0x00000000   Number         0  __raise.o ABSOLUTE
    ../clib/signal.c                         0x00000000   Number         0  defsig_pvfn_inner.o ABSOLUTE
    ../clib/signal.c                         0x00000000   Number         0  defsig_cppl_inner.o ABSOLUTE
    ../clib/signal.c                         0x00000000   Number         0  defsig_general.o ABSOLUTE
    ../clib/signal.c                         0x00000000   Number         0  defsig_rtmem_inner.o ABSOLUTE
    ../clib/signal.c                         0x00000000   Number         0  defsig_fpe_inner.o ABSOLUTE
    ../clib/signal.c                         0x00000000   Number         0  defsig_exit.o ABSOLUTE
    ../clib/signal.c                         0x00000000   Number         0  defsig_segv_inner.o ABSOLUTE
    ../clib/signal.c                         0x00000000   Number         0  defsig_other.o ABSOLUTE
    ../clib/signal.c                         0x00000000   Number         0  defsig_fpe_outer.o ABSOLUTE
    ../clib/signal.c                         0x00000000   Number         0  defsig_fpe_formal.o ABSOLUTE
    ../clib/signal.c                         0x00000000   Number         0  defsig_rtmem_formal.o ABSOLUTE
    ../clib/signal.c                         0x00000000   Number         0  defsig_stak_inner.o ABSOLUTE
    ../clib/signal.c                         0x00000000   Number         0  defsig_abrt_inner.o ABSOLUTE
    ../clib/signal.c                         0x00000000   Number         0  defsig_rtred_inner.o ABSOLUTE
    ../clib/signal.s                         0x00000000   Number         0  defsig.o ABSOLUTE
    ../clib/stdlib.c                         0x00000000   Number         0  exit.o ABSOLUTE
    ../fplib/fpinit.s                        0x00000000   Number         0  fpinit.o ABSOLUTE
    LCD.c                                    0x00000000   Number         0  lcd.o ABSOLUTE
    Startup.s                                0x00000000   Number         0  startup.o ABSOLUTE
    dc.s                                     0x00000000   Number         0  dc.o ABSOLUTE
    seven.c                                  0x00000000   Number         0  seven.o ABSOLUTE
    smartaccesscontrol.c                     0x00000000   Number         0  smartaccesscontrol.o ABSOLUTE
    !!!scatter                               0x00000008   Section       60  __scatter.o(!!!scatter)
    !!handler_copy                           0x00000044   Section       40  __scatter_copy.o(!!handler_copy)
    !!handler_zi                             0x0000006c   Section       44  __scatter_zi.o(!!handler_zi)
    .ARM.Collect$$_printf_percent$$00000000  0x0000009c   Section        0  _printf_percent.o(.ARM.Collect$$_printf_percent$$00000000)
    .ARM.Collect$$_printf_percent$$00000009  0x0000009c   Section        8  _printf_d.o(.ARM.Collect$$_printf_percent$$00000009)
    .ARM.Collect$$_printf_percent$$00000017  0x000000a4   Section        8  _printf_percent_end.o(.ARM.Collect$$_printf_percent$$00000017)
    .ARM.Collect$$libinit$$00000000          0x000000b4   Section        2  libinit.o(.ARM.Collect$$libinit$$00000000)
    .ARM.Collect$$libinit$$00000002          0x000000b6   Section        0  libinit2.o(.ARM.Collect$$libinit$$00000002)
    .ARM.Collect$$libinit$$00000004          0x000000b6   Section        0  libinit2.o(.ARM.Collect$$libinit$$00000004)
    .ARM.Collect$$libinit$$0000000A          0x000000b6   Section        0  libinit2.o(.ARM.Collect$$libinit$$0000000A)
    .ARM.Collect$$libinit$$0000000C          0x000000b6   Section        0  libinit2.o(.ARM.Collect$$libinit$$0000000C)
    .ARM.Collect$$libinit$$0000000E          0x000000b6   Section        0  libinit2.o(.ARM.Collect$$libinit$$0000000E)
    .ARM.Collect$$libinit$$00000011          0x000000b6   Section        0  libinit2.o(.ARM.Collect$$libinit$$00000011)
    .ARM.Collect$$libinit$$00000013          0x000000b6   Section        0  libinit2.o(.ARM.Collect$$libinit$$00000013)
    .ARM.Collect$$libinit$$00000015          0x000000b6   Section        0  libinit2.o(.ARM.Collect$$libinit$$00000015)
    .ARM.Collect$$libinit$$00000017          0x000000b6   Section        0  libinit2.o(.ARM.Collect$$libinit$$00000017)
    .ARM.Collect$$libinit$$00000019          0x000000b6   Section        0  libinit2.o(.ARM.Collect$$libinit$$00000019)
    .ARM.Collect$$libinit$$0000001B          0x000000b6   Section        0  libinit2.o(.ARM.Collect$$libinit$$0000001B)
    .ARM.Collect$$libinit$$0000001D          0x000000b6   Section        0  libinit2.o(.ARM.Collect$$libinit$$0000001D)
    .ARM.Collect$$libinit$$0000001F          0x000000b6   Section        0  libinit2.o(.ARM.Collect$$libinit$$0000001F)
    .ARM.Collect$$libinit$$00000021          0x000000b6   Section        0  libinit2.o(.ARM.Collect$$libinit$$00000021)
    .ARM.Collect$$libinit$$00000023          0x000000b6   Section        0  libinit2.o(.ARM.Collect$$libinit$$00000023)
    .ARM.Collect$$libinit$$00000025          0x000000b6   Section        0  libinit2.o(.ARM.Collect$$libinit$$00000025)
    .ARM.Collect$$libinit$$0000002C          0x000000b6   Section        0  libinit2.o(.ARM.Collect$$libinit$$0000002C)
    .ARM.Collect$$libinit$$0000002E          0x000000b6   Section        0  libinit2.o(.ARM.Collect$$libinit$$0000002E)
    .ARM.Collect$$libinit$$00000030          0x000000b6   Section        0  libinit2.o(.ARM.Collect$$libinit$$00000030)
    .ARM.Collect$$libinit$$00000032          0x000000b6   Section        0  libinit2.o(.ARM.Collect$$libinit$$00000032)
    .ARM.Collect$$libinit$$00000033          0x000000b6   Section       12  libinit2.o(.ARM.Collect$$libinit$$00000033)
    .ARM.Collect$$libshutdown$$00000000      0x000000cc   Section        4  libshutdown.o(.ARM.Collect$$libshutdown$$00000000)
    .ARM.Collect$$libshutdown$$00000002      0x000000d0   Section        0  libshutdown2.o(.ARM.Collect$$libshutdown$$00000002)
    .ARM.Collect$$libshutdown$$00000004      0x000000d0   Section        0  libshutdown2.o(.ARM.Collect$$libshutdown$$00000004)
    .ARM.Collect$$libshutdown$$00000007      0x000000d0   Section        0  libshutdown2.o(.ARM.Collect$$libshutdown$$00000007)
    .ARM.Collect$$libshutdown$$0000000A      0x000000d0   Section        0  libshutdown2.o(.ARM.Collect$$libshutdown$$0000000A)
    .ARM.Collect$$libshutdown$$0000000C      0x000000d0   Section        0  libshutdown2.o(.ARM.Collect$$libshutdown$$0000000C)
    .ARM.Collect$$libshutdown$$0000000F      0x000000d0   Section        0  libshutdown2.o(.ARM.Collect$$libshutdown$$0000000F)
    .ARM.Collect$$libshutdown$$00000010      0x000000d0   Section        6  libshutdown2.o(.ARM.Collect$$libshutdown$$00000010)
    .ARM.Collect$$rtentry$$00000000          0x000000d8   Section        0  __rtentry.o(.ARM.Collect$$rtentry$$00000000)
    .ARM.Collect$$rtentry$$00000002          0x000000d8   Section        0  __rtentry2.o(.ARM.Collect$$rtentry$$00000002)
    .ARM.Collect$$rtentry$$00000004          0x000000d8   Section        8  __rtentry4.o(.ARM.Collect$$rtentry$$00000004)
    .ARM.Collect$$rtentry$$00000009          0x000000e0   Section        0  __rtentry2.o(.ARM.Collect$$rtentry$$00000009)
    .ARM.Collect$$rtentry$$0000000A          0x000000e0   Section        4  __rtentry2.o(.ARM.Collect$$rtentry$$0000000A)
    .ARM.Collect$$rtentry$$0000000C          0x000000e4   Section        0  __rtentry2.o(.ARM.Collect$$rtentry$$0000000C)
    .ARM.Collect$$rtentry$$0000000D          0x000000e4   Section       40  __rtentry2.o(.ARM.Collect$$rtentry$$0000000D)
    .ARM.Collect$$rtexit$$00000000           0x00000110   Section        4  rtexit.o(.ARM.Collect$$rtexit$$00000000)
    .ARM.Collect$$rtexit$$00000002           0x00000114   Section        0  rtexit2.o(.ARM.Collect$$rtexit$$00000002)
    .ARM.Collect$$rtexit$$00000003           0x00000114   Section        4  rtexit2.o(.ARM.Collect$$rtexit$$00000003)
    .ARM.Collect$$rtexit$$00000004           0x00000118   Section        8  rtexit2.o(.ARM.Collect$$rtexit$$00000004)
    .text                                    0x00000120   Section       32  startup.o(.text)
    .text                                    0x00000148   Section        0  noretval__2sprintf.o(.text)
    .text                                    0x00000170   Section        0  _printf_pad.o(.text)
    .text                                    0x000001d0   Section        0  _printf_dec.o(.text)
    .text                                    0x00000240   Section        0  __printf_wp.o(.text)
    .text                                    0x00000360   Section      384  aeabi_sdiv.o(.text)
    __arm_div8                               0x0000038c   ARM Code       0  aeabi_sdiv.o(.text)
    __arm_div5                               0x000003b0   ARM Code       0  aeabi_sdiv.o(.text)
    __arm_div2                               0x000003d4   ARM Code       0  aeabi_sdiv.o(.text)
    __arm_div_large                          0x00000410   ARM Code       0  aeabi_sdiv.o(.text)
    .text                                    0x000004e0   Section        0  heapauxi.o(.text)
    .text                                    0x000004e6   Section        0  _printf_intcommon.o(.text)
    .text                                    0x000005a0   Section        0  _printf_char_common.o(.text)
    _printf_input_char                       0x000005a1   Thumb Code    10  _printf_char_common.o(.text)
    .text                                    0x000005d0   Section        0  _sputc.o(.text)
    .text                                    0x000005e0   Section       44  rtudiv10.o(.text)
    .text                                    0x0000060c   Section       96  sys_stackheap_outer.o(.text)
    .text                                    0x0000066c   Section        0  exit.o(.text)
    .text                                    0x00000680   Section       12  libspace.o(.text)
    .text                                    0x00000694   Section        0  sys_exit.o(.text)
    .text                                    0x000006a0   Section        4  use_no_semi.o(.text)
    .text                                    0x000006a4   Section        0  indicate_semi.o(.text)
    .text_udiv                               0x000006a4   Section       36  aeabi_sdiv.o(.text_udiv)
    i.Board_Init                             0x000006c8   Section        0  smartaccesscontrol.o(i.Board_Init)
    i.LCD_CmdWrite                           0x00000718   Section        0  lcd.o(i.LCD_CmdWrite)
    i.LCD_DataWrite                          0x00000748   Section        0  lcd.o(i.LCD_DataWrite)
    i.LCD_DisplayString                      0x00000778   Section        0  lcd.o(i.LCD_DisplayString)
    i.LCD_Init                               0x000007a0   Section        0  lcd.o(i.LCD_Init)
    i.LCD_Reset                              0x000007d8   Section        0  lcd.o(i.LCD_Reset)
    i.LCD_SendCmdSignals                     0x00000834   Section        0  lcd.o(i.LCD_SendCmdSignals)
    i.LCD_SendDataSignals                    0x0000086c   Section        0  lcd.o(i.LCD_SendDataSignals)
    i.LCD_SendHigherNibble                   0x000008a4   Section        0  lcd.o(i.LCD_SendHigherNibble)
    i.RTC_GetDateTime                        0x000008c8   Section        0  smartaccesscontrol.o(i.RTC_GetDateTime)
    i.RTC_Init                               0x00000924   Section        0  smartaccesscontrol.o(i.RTC_Init)
    i.RTC_SetDateTime                        0x00000938   Section        0  smartaccesscontrol.o(i.RTC_SetDateTime)
    i.SystemInit                             0x0000097c   Section        0  smartaccesscontrol.o(i.SystemInit)
    i.Timer1_ISR                             0x000009e4   Section        0  smartaccesscontrol.o(i.Timer1_ISR)
    i.__ARM_common_call_via_r1               0x00000a50   Section        0  __printf.o(i.__ARM_common_call_via_r1)
    i.__ARM_common_call_via_r2               0x00000a52   Section        0  __printf.o(i.__ARM_common_call_via_r2)
    i._is_digit                              0x00000a54   Section        0  __printf_wp.o(i._is_digit)
    i.adc                                    0x00000a64   Section        0  smartaccesscontrol.o(i.adc)
    i.alphadisp7SEG                          0x00000b50   Section        0  seven.o(i.alphadisp7SEG)
    i.close                                  0x00000c44   Section        0  smartaccesscontrol.o(i.close)
    i.delay                                  0x00000cd4   Section        0  smartaccesscontrol.o(i.delay)
    i.delay_ms                               0x00000d3c   Section        0  lcd.o(i.delay_ms)
    i.delay_us                               0x00000d70   Section        0  lcd.o(i.delay_us)
    i.getAlphaCode                           0x00000da4   Section        0  seven.o(i.getAlphaCode)
    i.main                                   0x00000e54   Section        0  smartaccesscontrol.o(i.main)
    i.matrixentry                            0x00001128   Section        0  smartaccesscontrol.o(i.matrixentry)
    i.open                                   0x000014c0   Section        0  smartaccesscontrol.o(i.open)
    i.rightbuzz                              0x00001548   Section        0  smartaccesscontrol.o(i.rightbuzz)
    i.runDCMotor                             0x00001568   Section        0  smartaccesscontrol.o(i.runDCMotor)
    i.serialPrintStr                         0x0000160c   Section        0  smartaccesscontrol.o(i.serialPrintStr)
    i.startBuzzer                            0x00001650   Section        0  smartaccesscontrol.o(i.startBuzzer)
    i.stopBuzzer                             0x00001698   Section        0  smartaccesscontrol.o(i.stopBuzzer)
    i.timer1_Init                            0x000016ac   Section        0  smartaccesscontrol.o(i.timer1_Init)
    i.uart_init                              0x00001708   Section        0  smartaccesscontrol.o(i.uart_init)
    i.wrongbuzz                              0x00001750   Section        0  smartaccesscontrol.o(i.wrongbuzz)
    .data                                    0x40000000   Section       76  smartaccesscontrol.o(.data)
    .bss                                     0x4000004c   Section       12  smartaccesscontrol.o(.bss)
    .bss                                     0x40000058   Section       96  libspace.o(.bss)
    HEAP                                     0x400000b8   Section        0  startup.o(HEAP)
    STACK                                    0x400000b8   Section     1160  startup.o(STACK)
    Heap_Mem                                 0x400000b8   Data           0  startup.o(HEAP)
    Stack_Mem                                0x400000b8   Data        1024  startup.o(STACK)
    Stack_Top                                0x40000540   Data           0  startup.o(STACK)

    Global Symbols

    Symbol Name                              Value     Ov Type        Size  Object(Section)

    BuildAttributes$$THM_ISAv1$ARM_ISAv4$S$PE$A:L22$X:L11$S22$IEEE1$IW$USESV6$~STKCKD$USESV7$~SHL$OSPACE$ROPI$EBA8$UX$STANDARDLIB$REQ8$PRES8$EABIv2 0x00000000   Number         0  anon$$obj.o ABSOLUTE
    __ARM_use_no_argv                        0x00000000   Number         0  smartaccesscontrol.o ABSOLUTE
    __main                                   0x00000000   ARM Code       8  __main.o(!!!main)
    _printf_flags                            0x00000000   Number         0  printf_stubs.o ABSOLUTE
    _printf_return_value                     0x00000000   Number         0  printf_stubs.o ABSOLUTE
    _printf_sizespec                         0x00000000   Number         0  printf_stubs.o ABSOLUTE
    _printf_widthprec                        0x00000000   Number         0  printf_stubs.o ABSOLUTE
    __ARM_exceptions_init                     - Undefined Weak Reference
    __alloca_initialize                       - Undefined Weak Reference
    __arm_preinit_                            - Undefined Weak Reference
    __cpp_initialize__aeabi_                  - Undefined Weak Reference
    __cxa_finalize                            - Undefined Weak Reference
    __rt_locale                               - Undefined Weak Reference
    __sigvec_lookup                           - Undefined Weak Reference
    _atexit_init                              - Undefined Weak Reference
    _call_atexit_fns                          - Undefined Weak Reference
    _clock_init                               - Undefined Weak Reference
    _fp_trap_init                             - Undefined Weak Reference
    _fp_trap_shutdown                         - Undefined Weak Reference
    _get_lc_collate                           - Undefined Weak Reference
    _get_lc_ctype                             - Undefined Weak Reference
    _get_lc_monetary                          - Undefined Weak Reference
    _get_lc_numeric                           - Undefined Weak Reference
    _get_lc_time                              - Undefined Weak Reference
    _getenv_init                              - Undefined Weak Reference
    _handle_redirection                       - Undefined Weak Reference
    _init_alloc                               - Undefined Weak Reference
    _init_user_alloc                          - Undefined Weak Reference
    _initio                                   - Undefined Weak Reference
    _printf_truncate_signed                   - Undefined Weak Reference
    _printf_truncate_unsigned                 - Undefined Weak Reference
    _rand_init                                - Undefined Weak Reference
    _signal_finish                            - Undefined Weak Reference
    _signal_init                              - Undefined Weak Reference
    _terminate_alloc                          - Undefined Weak Reference
    _terminate_user_alloc                     - Undefined Weak Reference
    _terminateio                              - Undefined Weak Reference
    __scatterload                            0x00000008   ARM Code       0  __scatter.o(!!!scatter)
    __scatterload_rt2                        0x00000008   ARM Code      52  __scatter.o(!!!scatter)
    __scatterload_null                       0x0000001c   ARM Code       0  __scatter.o(!!!scatter)
    __scatterload_copy                       0x00000044   ARM Code      40  __scatter_copy.o(!!handler_copy)
    __scatterload_zeroinit                   0x0000006c   ARM Code      44  __scatter_zi.o(!!handler_zi)
    Inline Thumb to ARM Veneer to _printf_percent 0x00000099   Thumb Code     4  _printf_percent.o(.ARM.Collect$$_printf_percent$$00000000)
    _printf_d                                0x0000009c   ARM Code       0  _printf_d.o(.ARM.Collect$$_printf_percent$$00000009)
    _printf_percent                          0x0000009c   ARM Code       0  _printf_percent.o(.ARM.Collect$$_printf_percent$$00000000)
    _printf_percent_end                      0x000000a4   ARM Code       0  _printf_percent_end.o(.ARM.Collect$$_printf_percent$$00000017)
    Inline ARM to Thumb Veneer to __rt_lib_init 0x000000ac   ARM Code       8  libinit.o(.ARM.Collect$$libinit$$00000000)
    __rt_lib_init                            0x000000b5   Thumb Code     0  libinit.o(.ARM.Collect$$libinit$$00000000)
    __rt_lib_init_alloca_1                   0x000000b7   Thumb Code     0  libinit2.o(.ARM.Collect$$libinit$$0000002E)
    __rt_lib_init_argv_1                     0x000000b7   Thumb Code     0  libinit2.o(.ARM.Collect$$libinit$$0000002C)
    __rt_lib_init_atexit_1                   0x000000b7   Thumb Code     0  libinit2.o(.ARM.Collect$$libinit$$0000001B)
    __rt_lib_init_clock_1                    0x000000b7   Thumb Code     0  libinit2.o(.ARM.Collect$$libinit$$00000021)
    __rt_lib_init_cpp_1                      0x000000b7   Thumb Code     0  libinit2.o(.ARM.Collect$$libinit$$00000032)
    __rt_lib_init_exceptions_1               0x000000b7   Thumb Code     0  libinit2.o(.ARM.Collect$$libinit$$00000030)
    __rt_lib_init_fp_1                       0x000000b7   Thumb Code     0  libinit2.o(.ARM.Collect$$libinit$$00000002)
    __rt_lib_init_fp_trap_1                  0x000000b7   Thumb Code     0  libinit2.o(.ARM.Collect$$libinit$$0000001F)
    __rt_lib_init_getenv_1                   0x000000b7   Thumb Code     0  libinit2.o(.ARM.Collect$$libinit$$00000023)
    __rt_lib_init_heap_1                     0x000000b7   Thumb Code     0  libinit2.o(.ARM.Collect$$libinit$$0000000A)
    __rt_lib_init_lc_collate_1               0x000000b7   Thumb Code     0  libinit2.o(.ARM.Collect$$libinit$$00000011)
    __rt_lib_init_lc_ctype_1                 0x000000b7   Thumb Code     0  libinit2.o(.ARM.Collect$$libinit$$00000013)
    __rt_lib_init_lc_monetary_1              0x000000b7   Thumb Code     0  libinit2.o(.ARM.Collect$$libinit$$00000015)
    __rt_lib_init_lc_numeric_1               0x000000b7   Thumb Code     0  libinit2.o(.ARM.Collect$$libinit$$00000017)
    __rt_lib_init_lc_time_1                  0x000000b7   Thumb Code     0  libinit2.o(.ARM.Collect$$libinit$$00000019)
    __rt_lib_init_preinit_1                  0x000000b7   Thumb Code     0  libinit2.o(.ARM.Collect$$libinit$$00000004)
    __rt_lib_init_rand_1                     0x000000b7   Thumb Code     0  libinit2.o(.ARM.Collect$$libinit$$0000000E)
    __rt_lib_init_return                     0x000000b7   Thumb Code     0  libinit2.o(.ARM.Collect$$libinit$$00000033)
    __rt_lib_init_signal_1                   0x000000b7   Thumb Code     0  libinit2.o(.ARM.Collect$$libinit$$0000001D)
    __rt_lib_init_stdio_1                    0x000000b7   Thumb Code     0  libinit2.o(.ARM.Collect$$libinit$$00000025)
    __rt_lib_init_user_alloc_1               0x000000b7   Thumb Code     0  libinit2.o(.ARM.Collect$$libinit$$0000000C)
    Inline ARM to Thumb Veneer to __rt_lib_shutdown 0x000000c4   ARM Code       8  libshutdown.o(.ARM.Collect$$libshutdown$$00000000)
    __rt_lib_shutdown                        0x000000cd   Thumb Code     0  libshutdown.o(.ARM.Collect$$libshutdown$$00000000)
    __rt_lib_shutdown_cpp_1                  0x000000d1   Thumb Code     0  libshutdown2.o(.ARM.Collect$$libshutdown$$00000002)
    __rt_lib_shutdown_fp_trap_1              0x000000d1   Thumb Code     0  libshutdown2.o(.ARM.Collect$$libshutdown$$00000007)
    __rt_lib_shutdown_heap_1                 0x000000d1   Thumb Code     0  libshutdown2.o(.ARM.Collect$$libshutdown$$0000000F)
    __rt_lib_shutdown_return                 0x000000d1   Thumb Code     0  libshutdown2.o(.ARM.Collect$$libshutdown$$00000010)
    __rt_lib_shutdown_signal_1               0x000000d1   Thumb Code     0  libshutdown2.o(.ARM.Collect$$libshutdown$$0000000A)
    __rt_lib_shutdown_stdio_1                0x000000d1   Thumb Code     0  libshutdown2.o(.ARM.Collect$$libshutdown$$00000004)
    __rt_lib_shutdown_user_alloc_1           0x000000d1   Thumb Code     0  libshutdown2.o(.ARM.Collect$$libshutdown$$0000000C)
    __rt_entry                               0x000000d8   ARM Code       0  __rtentry.o(.ARM.Collect$$rtentry$$00000000)
    __rt_entry_presh_1                       0x000000d8   ARM Code       0  __rtentry2.o(.ARM.Collect$$rtentry$$00000002)
    __rt_entry_sh                            0x000000d8   ARM Code       0  __rtentry4.o(.ARM.Collect$$rtentry$$00000004)
    __rt_entry_li                            0x000000e0   ARM Code       0  __rtentry2.o(.ARM.Collect$$rtentry$$0000000A)
    __rt_entry_postsh_1                      0x000000e0   ARM Code       0  __rtentry2.o(.ARM.Collect$$rtentry$$00000009)
    __rt_entry_main                          0x000000e4   ARM Code       0  __rtentry2.o(.ARM.Collect$$rtentry$$0000000D)
    __rt_entry_postli_1                      0x000000e4   ARM Code       0  __rtentry2.o(.ARM.Collect$$rtentry$$0000000C)
    Inline Thumb to ARM Veneer to __rt_exit  0x0000010d   Thumb Code     4  rtexit.o(.ARM.Collect$$rtexit$$00000000)
    __rt_exit                                0x00000110   ARM Code       0  rtexit.o(.ARM.Collect$$rtexit$$00000000)
    __rt_exit_ls                             0x00000114   ARM Code       0  rtexit2.o(.ARM.Collect$$rtexit$$00000003)
    __rt_exit_prels_1                        0x00000114   ARM Code       0  rtexit2.o(.ARM.Collect$$rtexit$$00000002)
    __rt_exit_exit                           0x00000118   ARM Code       0  rtexit2.o(.ARM.Collect$$rtexit$$00000004)
    __user_initial_stackheap                 0x00000120   ARM Code       0  startup.o(.text)
    Inline ARM to Thumb Veneer to __2sprintf 0x00000140   ARM Code       8  noretval__2sprintf.o(.text)
    __2sprintf                               0x00000149   Thumb Code    36  noretval__2sprintf.o(.text)
    _printf_pre_padding                      0x00000171   Thumb Code    50  _printf_pad.o(.text)
    _printf_post_padding                     0x000001a3   Thumb Code    36  _printf_pad.o(.text)
    Inline ARM to Thumb Veneer to _printf_int_dec 0x000001c8   ARM Code       8  _printf_dec.o(.text)
    _printf_int_dec                          0x000001d1   Thumb Code    94  _printf_dec.o(.text)
    __printf                                 0x00000241   Thumb Code   286  __printf_wp.o(.text)
    __aeabi_idiv                             0x00000360   ARM Code       0  aeabi_sdiv.o(.text)
    __aeabi_idivmod                          0x00000360   ARM Code     384  aeabi_sdiv.o(.text)
    __use_two_region_memory                  0x000004e1   Thumb Code     2  heapauxi.o(.text)
    __rt_heap_escrow$2region                 0x000004e3   Thumb Code     2  heapauxi.o(.text)
    __rt_heap_expand$2region                 0x000004e5   Thumb Code     2  heapauxi.o(.text)
    _printf_int_common                       0x000004e7   Thumb Code   186  _printf_intcommon.o(.text)
    _printf_char_common                      0x000005ab   Thumb Code    34  _printf_char_common.o(.text)
    _sputc                                   0x000005d1   Thumb Code    10  _sputc.o(.text)
    Inline Thumb to ARM Veneer to __rt_udiv10 0x000005dd   Thumb Code     4  rtudiv10.o(.text)
    __rt_udiv10                              0x000005e0   ARM Code      44  rtudiv10.o(.text)
    __user_setup_stackheap                   0x0000060c   ARM Code      96  sys_stackheap_outer.o(.text)
    exit                                     0x0000066d   Thumb Code    20  exit.o(.text)
    __user_libspace                          0x00000680   ARM Code      12  libspace.o(.text)
    __user_perproc_libspace                  0x00000680   ARM Code       0  libspace.o(.text)
    __user_perthread_libspace                0x00000680   ARM Code       0  libspace.o(.text)
    Inline ARM to Thumb Veneer to _sys_exit  0x0000068c   ARM Code       8  sys_exit.o(.text)
    _sys_exit                                0x00000695   Thumb Code     8  sys_exit.o(.text)
    __I$use$semihosting                      0x000006a0   ARM Code       0  use_no_semi.o(.text)
    __use_no_semihosting_swi                 0x000006a0   ARM Code       4  use_no_semi.o(.text)
    __aeabi_uidiv                            0x000006a4   ARM Code       0  aeabi_sdiv.o(.text_udiv)
    __aeabi_uidivmod                         0x000006a4   ARM Code      36  aeabi_sdiv.o(.text_udiv)
    __semihosting_library_function           0x000006a4   ARM Code       0  indicate_semi.o(.text)
    Board_Init                               0x000006c8   ARM Code      76  smartaccesscontrol.o(i.Board_Init)
    LCD_CmdWrite                             0x00000718   ARM Code      48  lcd.o(i.LCD_CmdWrite)
    LCD_DataWrite                            0x00000748   ARM Code      48  lcd.o(i.LCD_DataWrite)
    LCD_DisplayString                        0x00000778   ARM Code      40  lcd.o(i.LCD_DisplayString)
    LCD_Init                                 0x000007a0   ARM Code      56  lcd.o(i.LCD_Init)
    LCD_Reset                                0x000007d8   ARM Code      92  lcd.o(i.LCD_Reset)
    LCD_SendCmdSignals                       0x00000834   ARM Code      52  lcd.o(i.LCD_SendCmdSignals)
    LCD_SendDataSignals                      0x0000086c   ARM Code      52  lcd.o(i.LCD_SendDataSignals)
    LCD_SendHigherNibble                     0x000008a4   ARM Code      32  lcd.o(i.LCD_SendHigherNibble)
    RTC_GetDateTime                          0x000008c8   ARM Code      88  smartaccesscontrol.o(i.RTC_GetDateTime)
    RTC_Init                                 0x00000924   ARM Code      16  smartaccesscontrol.o(i.RTC_Init)
    RTC_SetDateTime                          0x00000938   ARM Code      64  smartaccesscontrol.o(i.RTC_SetDateTime)
    SystemInit                               0x0000097c   ARM Code     100  smartaccesscontrol.o(i.SystemInit)
    Timer1_ISR                               0x000009e4   ARM Code      96  smartaccesscontrol.o(i.Timer1_ISR)
    __ARM_common_call_via_r1                 0x00000a51   Thumb Code     2  __printf.o(i.__ARM_common_call_via_r1)
    __ARM_common_call_via_r2                 0x00000a53   Thumb Code     2  __printf.o(i.__ARM_common_call_via_r2)
    _is_digit                                0x00000a55   Thumb Code    14  __printf_wp.o(i._is_digit)
    adc                                      0x00000a64   ARM Code     220  smartaccesscontrol.o(i.adc)
    alphadisp7SEG                            0x00000b50   ARM Code     240  seven.o(i.alphadisp7SEG)
    close                                    0x00000c44   ARM Code     140  smartaccesscontrol.o(i.close)
    delay                                    0x00000cd4   ARM Code     100  smartaccesscontrol.o(i.delay)
    delay_ms                                 0x00000d3c   ARM Code      48  lcd.o(i.delay_ms)
    delay_us                                 0x00000d70   ARM Code      52  lcd.o(i.delay_us)
    getAlphaCode                             0x00000da4   ARM Code     176  seven.o(i.getAlphaCode)
    main                                     0x00000e54   ARM Code     600  smartaccesscontrol.o(i.main)
    matrixentry                              0x00001128   ARM Code     904  smartaccesscontrol.o(i.matrixentry)
    open                                     0x000014c0   ARM Code     132  smartaccesscontrol.o(i.open)
    rightbuzz                                0x00001548   ARM Code      32  smartaccesscontrol.o(i.rightbuzz)
    runDCMotor                               0x00001568   ARM Code     148  smartaccesscontrol.o(i.runDCMotor)
    serialPrintStr                           0x0000160c   ARM Code      64  smartaccesscontrol.o(i.serialPrintStr)
    startBuzzer                              0x00001650   ARM Code      64  smartaccesscontrol.o(i.startBuzzer)
    stopBuzzer                               0x00001698   ARM Code      16  smartaccesscontrol.o(i.stopBuzzer)
    timer1_Init                              0x000016ac   ARM Code      80  smartaccesscontrol.o(i.timer1_Init)
    uart_init                                0x00001708   ARM Code      68  smartaccesscontrol.o(i.uart_init)
    wrongbuzz                                0x00001750   ARM Code      32  smartaccesscontrol.o(i.wrongbuzz)
    Region$$Table$$Base                      0x00001770   Number         0  anon$$obj.o(Region$$Table)
    Region$$Table$$Limit                     0x00001790   Number         0  anon$$obj.o(Region$$Table)
    x                                        0x40000000   Data           4  smartaccesscontrol.o(.data)
    lookup_table                             0x40000004   Data          64  smartaccesscontrol.o(.data)
    rowsel                                   0x40000044   Data           4  smartaccesscontrol.o(.data)
    colsel                                   0x40000048   Data           4  smartaccesscontrol.o(.data)
    rtc                                      0x4000004c   Data          12  smartaccesscontrol.o(.bss)
    __libspace_start                         0x40000058   Data          96  libspace.o(.bss)
    __temporary_stack_top$libspace           0x400000b8   Data           0  libspace.o(.bss)



==============================================================================

Memory Map of the image

  Image Entry point : 0x00000000

  Load Region LR_1 (Base: 0x00000000, Size: 0x000017dc, Max: 0xffffffff, ABSOLUTE)

    Execution Region ER_RO (Exec base: 0x00000000, Load base: 0x00000000, Size: 0x00001790, Max: 0xffffffff, ABSOLUTE)

    Exec Addr    Load Addr    Size         Type   Attr      Idx    E Section Name        Object

    0x00000000   0x00000000   0x00000008   Code   RO          313  * !!!main             c_t.l(__main.o)
    0x00000008   0x00000008   0x0000003c   Code   RO          495    !!!scatter          c_t.l(__scatter.o)
    0x00000044   0x00000044   0x00000028   Code   RO          497    !!handler_copy      c_t.l(__scatter_copy.o)
    0x0000006c   0x0000006c   0x0000002c   Code   RO          499    !!handler_zi        c_t.l(__scatter_zi.o)
    0x00000098   0x00000098   0x00000004   Ven    RO          294    .ARM.Collect$$_printf_percent$$00000000  c_t.l(_printf_percent.o)
    0x0000009c   0x0000009c   0x00000000   Code   RO          294    .ARM.Collect$$_printf_percent$$00000000  c_t.l(_printf_percent.o)
    0x0000009c   0x0000009c   0x00000008   Code   RO          293    .ARM.Collect$$_printf_percent$$00000009  c_t.l(_printf_d.o)
    0x000000a4   0x000000a4   0x00000008   Code   RO          326    .ARM.Collect$$_printf_percent$$00000017  c_t.l(_printf_percent_end.o)
    0x000000ac   0x000000ac   0x00000008   Ven    RO          365    .ARM.Collect$$libinit$$00000000  c_t.l(libinit.o)
    0x000000b4   0x000000b4   0x00000002   Code   RO          365    .ARM.Collect$$libinit$$00000000  c_t.l(libinit.o)
    0x000000b6   0x000000b6   0x00000000   Code   RO          378    .ARM.Collect$$libinit$$00000002  c_t.l(libinit2.o)
    0x000000b6   0x000000b6   0x00000000   Code   RO          380    .ARM.Collect$$libinit$$00000004  c_t.l(libinit2.o)
    0x000000b6   0x000000b6   0x00000000   Code   RO          383    .ARM.Collect$$libinit$$0000000A  c_t.l(libinit2.o)
    0x000000b6   0x000000b6   0x00000000   Code   RO          385    .ARM.Collect$$libinit$$0000000C  c_t.l(libinit2.o)
    0x000000b6   0x000000b6   0x00000000   Code   RO          387    .ARM.Collect$$libinit$$0000000E  c_t.l(libinit2.o)
    0x000000b6   0x000000b6   0x00000000   Code   RO          390    .ARM.Collect$$libinit$$00000011  c_t.l(libinit2.o)
    0x000000b6   0x000000b6   0x00000000   Code   RO          392    .ARM.Collect$$libinit$$00000013  c_t.l(libinit2.o)
    0x000000b6   0x000000b6   0x00000000   Code   RO          394    .ARM.Collect$$libinit$$00000015  c_t.l(libinit2.o)
    0x000000b6   0x000000b6   0x00000000   Code   RO          396    .ARM.Collect$$libinit$$00000017  c_t.l(libinit2.o)
    0x000000b6   0x000000b6   0x00000000   Code   RO          398    .ARM.Collect$$libinit$$00000019  c_t.l(libinit2.o)
    0x000000b6   0x000000b6   0x00000000   Code   RO          400    .ARM.Collect$$libinit$$0000001B  c_t.l(libinit2.o)
    0x000000b6   0x000000b6   0x00000000   Code   RO          402    .ARM.Collect$$libinit$$0000001D  c_t.l(libinit2.o)
    0x000000b6   0x000000b6   0x00000000   Code   RO          404    .ARM.Collect$$libinit$$0000001F  c_t.l(libinit2.o)
    0x000000b6   0x000000b6   0x00000000   Code   RO          406    .ARM.Collect$$libinit$$00000021  c_t.l(libinit2.o)
    0x000000b6   0x000000b6   0x00000000   Code   RO          408    .ARM.Collect$$libinit$$00000023  c_t.l(libinit2.o)
    0x000000b6   0x000000b6   0x00000000   Code   RO          410    .ARM.Collect$$libinit$$00000025  c_t.l(libinit2.o)
    0x000000b6   0x000000b6   0x00000000   Code   RO          414    .ARM.Collect$$libinit$$0000002C  c_t.l(libinit2.o)
    0x000000b6   0x000000b6   0x00000000   Code   RO          416    .ARM.Collect$$libinit$$0000002E  c_t.l(libinit2.o)
    0x000000b6   0x000000b6   0x00000000   Code   RO          418    .ARM.Collect$$libinit$$00000030  c_t.l(libinit2.o)
    0x000000b6   0x000000b6   0x00000000   Code   RO          420    .ARM.Collect$$libinit$$00000032  c_t.l(libinit2.o)
    0x000000b6   0x000000b6   0x0000000c   Code   RO          421    .ARM.Collect$$libinit$$00000033  c_t.l(libinit2.o)
    0x000000c2   0x000000c2   0x00000002   PAD
    0x000000c4   0x000000c4   0x00000008   Ven    RO          452    .ARM.Collect$$libshutdown$$00000000  c_t.l(libshutdown.o)
    0x000000cc   0x000000cc   0x00000004   Code   RO          452    .ARM.Collect$$libshutdown$$00000000  c_t.l(libshutdown.o)
    0x000000d0   0x000000d0   0x00000000   Code   RO          478    .ARM.Collect$$libshutdown$$00000002  c_t.l(libshutdown2.o)
    0x000000d0   0x000000d0   0x00000000   Code   RO          480    .ARM.Collect$$libshutdown$$00000004  c_t.l(libshutdown2.o)
    0x000000d0   0x000000d0   0x00000000   Code   RO          483    .ARM.Collect$$libshutdown$$00000007  c_t.l(libshutdown2.o)
    0x000000d0   0x000000d0   0x00000000   Code   RO          486    .ARM.Collect$$libshutdown$$0000000A  c_t.l(libshutdown2.o)
    0x000000d0   0x000000d0   0x00000000   Code   RO          488    .ARM.Collect$$libshutdown$$0000000C  c_t.l(libshutdown2.o)
    0x000000d0   0x000000d0   0x00000000   Code   RO          491    .ARM.Collect$$libshutdown$$0000000F  c_t.l(libshutdown2.o)
    0x000000d0   0x000000d0   0x00000006   Code   RO          492    .ARM.Collect$$libshutdown$$00000010  c_t.l(libshutdown2.o)
    0x000000d6   0x000000d6   0x00000002   PAD
    0x000000d8   0x000000d8   0x00000000   Code   RO          315    .ARM.Collect$$rtentry$$00000000  c_t.l(__rtentry.o)
    0x000000d8   0x000000d8   0x00000000   Code   RO          330    .ARM.Collect$$rtentry$$00000002  c_t.l(__rtentry2.o)
    0x000000d8   0x000000d8   0x00000008   Code   RO          342    .ARM.Collect$$rtentry$$00000004  c_t.l(__rtentry4.o)
    0x000000e0   0x000000e0   0x00000000   Code   RO          332    .ARM.Collect$$rtentry$$00000009  c_t.l(__rtentry2.o)
    0x000000e0   0x000000e0   0x00000004   Code   RO          333    .ARM.Collect$$rtentry$$0000000A  c_t.l(__rtentry2.o)
    0x000000e4   0x000000e4   0x00000000   Code   RO          335    .ARM.Collect$$rtentry$$0000000C  c_t.l(__rtentry2.o)
    0x000000e4   0x000000e4   0x00000028   Code   RO          336    .ARM.Collect$$rtentry$$0000000D  c_t.l(__rtentry2.o)
    0x0000010c   0x0000010c   0x00000004   Ven    RO          369    .ARM.Collect$$rtexit$$00000000  c_t.l(rtexit.o)
    0x00000110   0x00000110   0x00000004   Code   RO          369    .ARM.Collect$$rtexit$$00000000  c_t.l(rtexit.o)
    0x00000114   0x00000114   0x00000000   Code   RO          425    .ARM.Collect$$rtexit$$00000002  c_t.l(rtexit2.o)
    0x00000114   0x00000114   0x00000004   Code   RO          426    .ARM.Collect$$rtexit$$00000003  c_t.l(rtexit2.o)
    0x00000118   0x00000118   0x00000008   Code   RO          427    .ARM.Collect$$rtexit$$00000004  c_t.l(rtexit2.o)
    0x00000120   0x00000120   0x00000020   Code   RO            4    .text               startup.o
    0x00000140   0x00000140   0x00000008   Ven    RO          261    .text               c_t.l(noretval__2sprintf.o)
    0x00000148   0x00000148   0x00000028   Code   RO          261    .text               c_t.l(noretval__2sprintf.o)
    0x00000170   0x00000170   0x00000056   Code   RO          269    .text               c_t.l(_printf_pad.o)
    0x000001c6   0x000001c6   0x00000002   PAD
    0x000001c8   0x000001c8   0x00000008   Ven    RO          271    .text               c_t.l(_printf_dec.o)
    0x000001d0   0x000001d0   0x00000070   Code   RO          271    .text               c_t.l(_printf_dec.o)
    0x00000240   0x00000240   0x0000011e   Code   RO          281    .text               c_t.l(__printf_wp.o)
    0x0000035e   0x0000035e   0x00000002   PAD
    0x00000360   0x00000360   0x00000180   Code   RO          295    .text               c_t.l(aeabi_sdiv.o)
    0x000004e0   0x000004e0   0x00000006   Code   RO          311    .text               c_t.l(heapauxi.o)
    0x000004e6   0x000004e6   0x000000ba   Code   RO          320    .text               c_t.l(_printf_intcommon.o)
    0x000005a0   0x000005a0   0x00000030   Code   RO          322    .text               c_t.l(_printf_char_common.o)
    0x000005d0   0x000005d0   0x0000000a   Code   RO          324    .text               c_t.l(_sputc.o)
    0x000005da   0x000005da   0x00000002   PAD
    0x000005dc   0x000005dc   0x00000004   Ven    RO          327    .text               c_t.l(rtudiv10.o)
    0x000005e0   0x000005e0   0x0000002c   Code   RO          327    .text               c_t.l(rtudiv10.o)
    0x0000060c   0x0000060c   0x00000060   Code   RO          352    .text               c_t.l(sys_stackheap_outer.o)
    0x0000066c   0x0000066c   0x00000014   Code   RO          354    .text               c_t.l(exit.o)
    0x00000680   0x00000680   0x0000000c   Code   RO          366    .text               c_t.l(libspace.o)
    0x0000068c   0x0000068c   0x00000008   Ven    RO          422    .text               c_t.l(sys_exit.o)
    0x00000694   0x00000694   0x0000000c   Code   RO          422    .text               c_t.l(sys_exit.o)
    0x000006a0   0x000006a0   0x00000004   Code   RO          441    .text               c_t.l(use_no_semi.o)
    0x000006a4   0x000006a4   0x00000000   Code   RO          443    .text               c_t.l(indicate_semi.o)
    0x000006a4   0x000006a4   0x00000024   Code   RO          296    .text_udiv          c_t.l(aeabi_sdiv.o)
    0x000006c8   0x000006c8   0x00000050   Code   RO           11    i.Board_Init        smartaccesscontrol.o
    0x00000718   0x00000718   0x00000030   Code   RO          170    i.LCD_CmdWrite      lcd.o
    0x00000748   0x00000748   0x00000030   Code   RO          171    i.LCD_DataWrite     lcd.o
    0x00000778   0x00000778   0x00000028   Code   RO          172    i.LCD_DisplayString  lcd.o
    0x000007a0   0x000007a0   0x00000038   Code   RO          173    i.LCD_Init          lcd.o
    0x000007d8   0x000007d8   0x0000005c   Code   RO          174    i.LCD_Reset         lcd.o
    0x00000834   0x00000834   0x00000038   Code   RO          175    i.LCD_SendCmdSignals  lcd.o
    0x0000086c   0x0000086c   0x00000038   Code   RO          176    i.LCD_SendDataSignals  lcd.o
    0x000008a4   0x000008a4   0x00000024   Code   RO          177    i.LCD_SendHigherNibble  lcd.o
    0x000008c8   0x000008c8   0x0000005c   Code   RO           12    i.RTC_GetDateTime   smartaccesscontrol.o
    0x00000924   0x00000924   0x00000014   Code   RO           13    i.RTC_Init          smartaccesscontrol.o
    0x00000938   0x00000938   0x00000044   Code   RO           14    i.RTC_SetDateTime   smartaccesscontrol.o
    0x0000097c   0x0000097c   0x00000068   Code   RO           15    i.SystemInit        smartaccesscontrol.o
    0x000009e4   0x000009e4   0x0000006c   Code   RO           16    i.Timer1_ISR        smartaccesscontrol.o
    0x00000a50   0x00000a50   0x00000002   Code   RO          267    i.__ARM_common_call_via_r1  c_t.l(__printf.o)
    0x00000a52   0x00000a52   0x00000002   Code   RO          265    i.__ARM_common_call_via_r2  c_t.l(__printf.o)
    0x00000a54   0x00000a54   0x0000000e   Code   RO          283    i._is_digit         c_t.l(__printf_wp.o)
    0x00000a62   0x00000a62   0x00000002   PAD
    0x00000a64   0x00000a64   0x000000ec   Code   RO           17    i.adc               smartaccesscontrol.o
    0x00000b50   0x00000b50   0x000000f4   Code   RO          239    i.alphadisp7SEG     seven.o
    0x00000c44   0x00000c44   0x00000090   Code   RO           18    i.close             smartaccesscontrol.o
    0x00000cd4   0x00000cd4   0x00000068   Code   RO           19    i.delay             smartaccesscontrol.o
    0x00000d3c   0x00000d3c   0x00000034   Code   RO          178    i.delay_ms          lcd.o
    0x00000d70   0x00000d70   0x00000034   Code   RO          179    i.delay_us          lcd.o
    0x00000da4   0x00000da4   0x000000b0   Code   RO          240    i.getAlphaCode      seven.o
    0x00000e54   0x00000e54   0x000002d4   Code   RO           20    i.main              smartaccesscontrol.o
    0x00001128   0x00001128   0x00000398   Code   RO           21    i.matrixentry       smartaccesscontrol.o
    0x000014c0   0x000014c0   0x00000088   Code   RO           22    i.open              smartaccesscontrol.o
    0x00001548   0x00001548   0x00000020   Code   RO           23    i.rightbuzz         smartaccesscontrol.o
    0x00001568   0x00001568   0x000000a4   Code   RO           24    i.runDCMotor        smartaccesscontrol.o
    0x0000160c   0x0000160c   0x00000044   Code   RO           26    i.serialPrintStr    smartaccesscontrol.o
    0x00001650   0x00001650   0x00000048   Code   RO           27    i.startBuzzer       smartaccesscontrol.o
    0x00001698   0x00001698   0x00000014   Code   RO           28    i.stopBuzzer        smartaccesscontrol.o
    0x000016ac   0x000016ac   0x0000005c   Code   RO           29    i.timer1_Init       smartaccesscontrol.o
    0x00001708   0x00001708   0x00000048   Code   RO           30    i.uart_init         smartaccesscontrol.o
    0x00001750   0x00001750   0x00000020   Code   RO           31    i.wrongbuzz         smartaccesscontrol.o
    0x00001770   0x00001770   0x00000020   Data   RO          493    Region$$Table       anon$$obj.o


    Execution Region ER_RW (Exec base: 0x40000000, Load base: 0x00001790, Size: 0x0000004c, Max: 0xffffffff, ABSOLUTE)

    Exec Addr    Load Addr    Size         Type   Attr      Idx    E Section Name        Object

    0x40000000   0x00001790   0x0000004c   Data   RW           33    .data               smartaccesscontrol.o


    Execution Region ER_ZI (Exec base: 0x4000004c, Load base: 0x000017dc, Size: 0x000004f4, Max: 0xffffffff, ABSOLUTE)

    Exec Addr    Load Addr    Size         Type   Attr      Idx    E Section Name        Object

    0x4000004c        -       0x0000000c   Zero   RW           32    .bss                smartaccesscontrol.o
    0x40000058        -       0x00000060   Zero   RW          367    .bss                c_t.l(libspace.o)
    0x400000b8        -       0x00000000   Zero   RW            2    HEAP                startup.o
    0x400000b8        -       0x00000488   Zero   RW            1    STACK               startup.o


==============================================================================

Image component sizes


      Code (inc. data)   RO Data    RW Data    ZI Data      Debug   Object Name

       536         16          0          0          0       5066   lcd.o
       420          4          0          0          0       1299   seven.o
      3288        248          0         76         12      13938   smartaccesscontrol.o
        32         12          0          0       1160        300   startup.o

    ----------------------------------------------------------------------
      4276        280         32         76       1172      20603   Object Totals
         0          0         32          0          0          0   (incl. Generated)
         0          0          0          0          0          0   (incl. Padding)

    ----------------------------------------------------------------------

      Code (inc. data)   RO Data    RW Data    ZI Data      Debug   Library Member Name

         8          0          0          0          0         68   __main.o
         4          0          0          0          0        120   __printf.o
       300          0          0          0          0        152   __printf_wp.o
         0          0          0          0          0          0   __rtentry.o
        44          4          0          0          0          0   __rtentry2.o
         8          0          0          0          0          0   __rtentry4.o
        60          8          0          0          0          0   __scatter.o
        40          0          0          0          0          0   __scatter_copy.o
        44          0          0          0          0          0   __scatter_zi.o
        48          4          0          0          0         96   _printf_char_common.o
         8          0          0          0          0          0   _printf_d.o
       120         18          0          0          0         88   _printf_dec.o
       186          0          0          0          0         96   _printf_intcommon.o
        86          0          0          0          0        116   _printf_pad.o
         4          0          0          0          0          0   _printf_percent.o
         8          0          0          0          0          0   _printf_percent_end.o
        10          0          0          0          0         60   _sputc.o
       420          0          0          0          0        148   aeabi_sdiv.o
        20          0          0          0          0         80   exit.o
         6          0          0          0          0        136   heapauxi.o
         0          0          0          0          0          0   indicate_semi.o
        10          0          0          0          0          0   libinit.o
        12          0          0          0          0          0   libinit2.o
        12          0          0          0          0          0   libshutdown.o
         6          0          0          0          0          0   libshutdown2.o
        12          4          0          0         96         68   libspace.o
        48          4          0          0          0         84   noretval__2sprintf.o
         8          0          0          0          0          0   rtexit.o
        12          0          0          0          0          0   rtexit2.o
        48          0          0          0          0         68   rtudiv10.o
        20          4          0          0          0         60   sys_exit.o
        96          0          0          0          0         80   sys_stackheap_outer.o
         4          0          0          0          0         68   use_no_semi.o

    ----------------------------------------------------------------------
      1724         46          0          0         96       1588   Library Totals
        12          0          0          0          0          0   (incl. Padding)

    ----------------------------------------------------------------------

      Code (inc. data)   RO Data    RW Data    ZI Data      Debug   Library Name

      1712         46          0          0         96       1588   c_t.l

    ----------------------------------------------------------------------
      1724         46          0          0         96       1588   Library Totals

    ----------------------------------------------------------------------

==============================================================================


      Code (inc. data)   RO Data    RW Data    ZI Data      Debug   

      6000        326         32         76       1268      20099   Grand Totals
      6000        326         32         76       1268      20099   ELF Image Totals
      6000        326         32         76          0          0   ROM Totals

==============================================================================

    Total RO  Size (Code + RO Data)                 6032 (   5.89kB)
    Total RW  Size (RW Data + ZI Data)              1344 (   1.31kB)
    Total ROM Size (Code + RO Data + RW Data)       6108 (   5.96kB)

==============================================================================

